[backblue.gif]
[fade.gif]
[index.html]
[code.jquery.com/jquery-latest.js]
[code.jquery.com/ui/1.10.4/jquery-ui.js]
[jetstreamradio.com/images/favicon.ico]
[www.google-analytics.com/analytics.js]
[www.google.com/recaptcha/api.js]
[jetstreamradio.com/images/img_pause.png]
[jetstreamradio.com/images/img_play.png]
[jetstreamradio.com/images/img_header_lines.png]
[jetstreamradio.com/images/site_logo.png]
[jetstreamradio.com/uploads/images/1php4cHAj2.png]
[jetstreamradio.com/uploads/images/289phpxbPWLN.png]
[jetstreamradio.com/images/FB_Banner.png]
[tfdidesign.com/templates/tfdi2/img/logo.11.delayed]
[i.imgur.com/xH0RpOE.png]
[i.imgur.com/yN3moXn.png]
[jetstreamradio.com/images/partners/sasvirtual.png]
[jetstreamradio.com/images/partners/makaiair.png]
[vgroupvirtual.com/images/partnerlogo.png]
[aavirtual.net/aanewlogotop.gif]
[jetstreamradio.com/images/partners/sonixcast.png]
[jetstreamradio.com/uploads/images/405phpijcVFy.png]
[jetstreamradio.com/uploads/images/1phphG0dmy.png]
[jetstreamradio.com/uploads/images/1phpXskCDU.png]
[jetstreamradio.com/uploads/images/405phpxuXmQb.png]
[jetstreamradio.com/uploads/images/405phpNfpghT.png]
[jetstreamradio.com/uploads/images/413phpWURstG.png]
[jetstreamradio.com/uploads/images/413phpRvIZIq.png]
[jetstreamradio.com/uploads/images/1php6Zu0C0.png]
[jetstreamradio.com/uploads/images/413phpMWc7Nq.png]
[jetstreamradio.com/uploads/images/289phpAY8tcQ.png]
[jetstreamradio.com/uploads/images/405phps7o6aS.png]
[jetstreamradio.com/uploads/images/405phpM6qNi4.png]
[jetstreamradio.com/index.html]
[jetstreamradio.com/css/main.css]
[jetstreamradio.com/index6339.html]
[jetstreamradio.com/indexbc82.html]
[jetstreamradio.com/index78cc.html]
[jetstreamradio.com/index413b.html]
[jetstreamradio.com/index7e05.html]
[jetstreamradio.com/indexd014.html]
[jetstreamradio.com/optusmobile.com.html]
[jetstreamradio.com/orange.html]
[jetstreamradio.com/text.plusgsm.html]
[jetstreamradio.com/index7f62.html]
[tfdidesign.com/templates/tfdi2/img/logo.html]
[jetstreamradio.com/images/rating_checked.png]
[jetstreamradio.com/images/rating_unchecked.png]
[jetstreamradio.com/index855a.html]
[jetstreamradio.com/index1b80.html]
[jetstreamradio.com/index4b72.html]
[jetstreamradio.com/indexb074.html]
